// Jest Snapshot v1, https://goo.gl/fbAQLP

exports[`matches snapshot 1`] = `
<DocumentFragment>
  <div
    class="App"
  >
    <section
      class="hero"
    >
      <div
        class="hero-body"
      >
        <div
          class="container"
        >
          <h1
            class="title"
          >
            Git Searching
          </h1>
          <h2
            class="subtitle"
          >
            All your search are belong to us
          </h2>
        </div>
      </div>
    </section>
    <div
      class="columns"
    >
      <div
        class="column is-half is-offset-one-quarter"
      >
        <form
          class="field has-addons is-expanded"
        >
          <div
            class="control is-expanded"
          >
            <label
              for="search-input"
            >
              Title
            </label>
            <input
              class="input is-large"
              id="search-input"
              placeholder="Find a User"
              type="text"
              value=""
            />
          </div>
          <div
            class="control"
          >
            <button
              class="button is-info is-large "
              disabled=""
              type="submit"
            >
              Search
            </button>
          </div>
        </form>
      </div>
    </div>
  </div>
</DocumentFragment>
`;
